> 25
> 48
> 69
> 88
> 105
> 120
> 133
> 144
> 153
> 160
> 165
> 168
> 169
> 168
> 165
> 160
> 153
> 144
> 133
> 120
> 105
> 88
> 69
> 48
> 25
