> -10
> 10
> 11
> 12
> 13
> 14
> -9
> 10
> 11
> 12
> 13
> 14
> -8
> 10
> 11
> 12
> 13
> 14
> -7
> 10
> 11
> 12
> 13
> 14
> -6
> 10
> 11
> 12
> 13
> 14
> -5
> 10
> 11
> 12
> 13
> 14
> -4
> 10
> 11
> 12
> 13
> 14
> -3
> 10
> 11
> 12
> 13
> 14
> -2
> 10
> 11
> 12
> 13
> 14
> -1
> 10
> 11
> 12
> 13
> 14
