> 1
> 0
> 2
> 1111111111111
> 10
> 11
> 12
> 13
> 14
> 15
> 16
> 17
> 18
> 19
> 20
> 1111111111111
> 190
> 191
> 192
> 193
> 194
> 195
> 196
> 197
> 198
> 199
> 200
> 201
> 202
> 203
> 204
> 205
> 206
> 207
> 208
> 209
> 210
